// Jest Snapshot v1, https://goo.gl/fbAQLP

exports[`IndexPage renders correctly 1`] = `
<div>
  <div
    className="body is-loading "
  >
    <div
      id="wrapper"
    >
      <header
        id="header"
        style={Object {}}
      >
        <div
          className="logo"
        >
          <span
            className="icon fa-diamond"
          />
        </div>
        <div
          className="content"
        >
          <div
            className="inner"
          >
            <h1>
              AI
            </h1>
            <p>
              Artificial Intelligence for Lazy, Smart Professionals
            </p>
          </div>
        </div>
        <nav>
          <ul>
            <li>
              <a
                href="javascript:;"
                onClick={[Function]}
              >
                Intro
              </a>
            </li>
            <li>
              <a
                href="javascript:;"
                onClick={[Function]}
              >
                Presentation
              </a>
            </li>
            <li>
              <a
                href="javascript:;"
                onClick={[Function]}
              >
                Citations
              </a>
            </li>
            <li>
              <a
                href="javascript:;"
                onClick={[Function]}
              >
                About
              </a>
            </li>
            <li>
              <a
                href="javascript:;"
                onClick={[Function]}
              >
                Contact
              </a>
            </li>
          </ul>
        </nav>
      </header>
      <div
        id="main"
        style={
          Object {
            "display": "none",
          }
        }
      >
        <article
          className=" "
          id="intro"
          style={
            Object {
              "display": "none",
            }
          }
        >
          <h2
            className="major"
          >
            Artificial Intelligence
            <br />
            for Lazy,
            <br />
            Smart Professionals
          </h2>
          <span
            className="image main"
          >
            <img
              alt=""
              src="test-file-stub"
            />
          </span>
          <p>
            Artificial Intelligence today is a wholly different landscape from the science fiction ideas that were written about 50 years ago. For example, we have a variety of speech interfaces in the form of devices and tools like Alexa, Siri, Google Home, and more, devices in a box that are nothing similar to the idea of a
             
            <em>
              human
            </em>
            in a box.
          </p>
          <p>
            We give these things a voice because they are a new way of working with your computer. One part of the AI movement is an introduction of new tools; speech instead of a keyboard, speech instead of a screen.
          </p>
          <p>
            Another practical aspect of the AI movement is a
             
            <strong>
              force multiplication of
            </strong>
             simple decision-making. AI providing answers simple spoken questions and chat-bots on websites are an example of this.
          </p>
          <ul>
            <li>
              Because we're lazy, we want to use AI to make our work easier.
            </li>
            <li>
              Because we're smart, we know we need to separate out the myth of AI from the real, useful applications of AI as a tool.
            </li>
            <li>
              The first thing to do is to break down the myths and metaphors and find out what AI can do
              <a
                href="/presentation"
              >
                <button
                  type="button"
                >
                  NOW
                </button>
              </a>
            </li>
          </ul>
          <div
            className="close"
            onClick={[Function]}
          />
        </article>
        <article
          className=" "
          id="presentation"
          style={
            Object {
              "display": "none",
            }
          }
        >
          <h2
            className="major"
          >
            Presentation
          </h2>
          <a
            href="https://slides.com/royronalds/ai/live"
          >
            <button
              type="button"
            >
              View Presentation Live
            </button>
          </a>
          <div
            className="close"
            onClick={[Function]}
          />
        </article>
        <article
          className=" "
          id="bibliography"
          style={
            Object {
              "display": "none",
            }
          }
        >
          <h2
            className="major"
          >
            Bibliography
          </h2>
          <span
            className="image main"
          >
            <img
              alt=""
              src="test-file-stub"
            />
          </span>
          <p>
            To provide a bibliography of my research, I will make both the citations and the slides available here once they're complete.
          </p>
          <div>
            Citations and links will be available here, check back at the end of April, 2019!
          </div>
          <div
            className="close"
            onClick={[Function]}
          />
        </article>
        <article
          className=" "
          id="about"
          style={
            Object {
              "display": "none",
            }
          }
        >
          <h2
            className="major"
          >
            About
          </h2>
          <p>
            I'm Roy Ronalds, I am a Software Engineer / Software Architect working in the field of web applications that integrate with artificial intelligence. I do a lot of open source work on github:
             
            <a
              className="icon fa-github"
              href="https://github.com/tchalvak"
            >
              <span
                className="label"
              >
                GitHub
              </span>
               My Github Profile
            </a>
            <span
              className="image main"
            >
              <img
                alt=""
                src="test-file-stub"
              />
            </span>
          </p>
          <div
            className="close"
            onClick={[Function]}
          />
        </article>
        <article
          className=" "
          id="contact"
          style={
            Object {
              "display": "none",
            }
          }
        >
          <h2
            className="major"
          >
            Contact
          </h2>
          <p>
            You can:
          </p>
          <ul
            className="actions"
          >
            <li>
              <a
                href="mailto:roy.ronal.ds@gmail.com"
                rel="nofolow"
                title="mailto:roy.ronal.ds@gmail.com"
              >
                <button
                  type="button"
                >
                  Email Me
                </button>
                 
              </a>
              <small>
                (roy.ronal.ds@gmail.com)
              </small>
            </li>
          </ul>
          <p>
            Or check out one of my social profiles below.
          </p>
          <ul
            className="icons"
          >
            <li>
              <a
                className="icon fa-twitter"
                href="https://twitter.com/tchalvak"
              >
                <span
                  className="label"
                >
                  Twitter
                </span>
              </a>
            </li>
            <li>
              <a
                className="icon fa-facebook"
                href="https://www.facebook.com/tchalvak"
              >
                <span
                  className="label"
                >
                  Facebook
                </span>
              </a>
            </li>
            <li>
              <a
                className="icon fa-github"
                href="https://github.com/tchalvak"
              >
                <span
                  className="label"
                >
                  GitHub
                </span>
              </a>
            </li>
          </ul>
          <div
            className="close"
            onClick={[Function]}
          />
        </article>
      </div>
      <footer
        id="footer"
        style={Object {}}
      >
        <p
          className="copyright"
        >
          Design by: 
          <a
            href="https://html5up.net"
          >
            HTML5 UP
          </a>
          .
        </p>
      </footer>
    </div>
    <div
      id="bg"
    />
  </div>
</div>
`;
